[2026-08-14T15:30:07.726Z] GET http://127.0.0.1:34567/welcome → 200 (7ms, 8951B)
[2026-08-14T15:30:07.762Z] GET https://fonts.googleapis.com/css2?family=DM+Sans:wght@400;500;600&family=JetBrains+Mono:wght@400;500&display=swap → 200 (83ms, 7685B)
[2026-08-14T15:30:07.762Z] GET https://api.fontshare.com/v2/css?f[]=satoshi@700,900&display=swap → 200 (41ms, 1178B)
[2026-08-14T15:30:07.874Z] GET https://fonts.gstatic.com/s/dmsans/v17/rP2Yp2ywxg089UriI5-g4vlH9VoD8Cmcqbu0-K6z9mXg.woff2 → 200 (62ms, 36980B)
[2026-08-14T15:30:07.874Z] GET https://cdn.fontshare.com/wf/NHPGVFYUXYXE33DZ75OIT4JFGHITX5PE/PSUTMASCDJTVPERDYJZPN23BVUFUCQIF/J64QX5IPOHK56I2KYUNBQ5M2XWZEYKYX.woff2 → 200 (68ms, 23484B)
[2026-08-14T15:30:07.874Z] GET https://cdn.fontshare.com/wf/LAFFD4SDUCDVQEXFPDC7C53EQ4ZELWQI/PXCT3G6LO6ICM5I3NTYENYPWJAECAWDD/GHM6WVH6MILNYOOCXHXB5GTSGNTMGXZR.woff2 → 200 (82ms, 25328B)
[2026-08-14T15:30:07.874Z] GET https://fonts.gstatic.com/s/jetbrainsmono/v24/tDbv2o-flEEny0FZhsfKu5WU4zr3E_BX0PnT8RD8yKwBNntkaToggR7BYRbKPxDcwgknk-4.woff2 → 200 (67ms, 31340B)
[2026-08-14T15:30:19.663Z] GET https://www.linkedin.com/login → 200 (458ms, 51702B)
[2026-08-14T15:30:20.194Z] GET https://static.licdn.com/sc/h/5kd2bsmhc38erf6r4z1mgs9i5 → 200 (64ms, ?B)
[2026-08-14T15:30:20.194Z] GET https://static.licdn.com/sc/h/4h78g875l5a0vy6j0dasqiqvg → pending (?ms, ?B)
[2026-08-14T15:30:20.194Z] GET https://static.licdn.com/sc/h/c6qqvihqo327do7xt0crjipra → pending (?ms, ?B)
[2026-08-14T15:30:20.195Z] GET https://static.licdn.com/sc/h/bh6fagcxxm6opuaalg51l3g4b → pending (?ms, ?B)
[2026-08-14T15:30:20.195Z] GET https://static.licdn.com/sc/h/2jxhfzwuai5zyodrkp4rqpgwi → pending (?ms, ?B)
[2026-08-14T15:30:20.195Z] GET https://static.licdn.com/sc/h/99rrl858hjz7voa5fpi33h936 → pending (?ms, ?B)
[2026-08-14T15:30:20.195Z] GET https://static.licdn.com/sc/h/4j4tc3ht8rv66ud8e6rntol9i → pending (?ms, ?B)
[2026-08-14T15:30:20.195Z] GET https://static.licdn.com/sc/h/1jsnxp2vq8df2hjvbgi68kub0 → pending (?ms, ?B)
[2026-08-14T15:30:20.500Z] GET https://static.licdn.com/sc/h/cwn0a0e7hog2i33c88ucrvot5 → 200 (1ms, 8347B)
[2026-08-14T15:30:21.162Z] GET https://static.licdn.com/sc/h/aofke6z5sqc44bjlvj6yr05c8 → pending (?ms, ?B)
[2026-08-14T15:30:21.162Z] GET https://static.licdn.com/sc/h/84x37y031bjv90xw0y6pmzg28 → pending (?ms, ?B)
[2026-08-14T15:30:21.443Z] POST https://www.linkedin.com/checkpoint/pk/initiateLogin → 200 (202ms, 283B)
[2026-08-14T15:30:21.512Z] GET https://www.google.com/recaptcha/enterprise.js?render=6LcIy_MqAAAAAMKiupFSbmzW3xjGSlIfRzNWYMjC → 200 (103ms, 1731B)
[2026-08-14T15:30:21.514Z] GET https://li.protechts.net/index.html?ts=1786721421279&r_id=&app_id=PXdOjV695v&uc=scraping&d_id=880cbf580b30af4219d175b328bc34b9bb4bbd4e7f4f8729014c636ff7dbfd3b → 200 (73ms, 1076B)
[2026-08-14T15:30:21.514Z] POST https://www.linkedin.com/li/track → 200 (721ms, ?B)
[2026-08-14T15:30:21.567Z] POST https://www.linkedin.com/li/track → 200 (83ms, ?B)
[2026-08-14T15:30:21.567Z] HEAD https://static.licdn.com/sc/h/aofke6z5sqc44bjlvj6yr05c8 → 200 (3ms, 224639B)
[2026-08-14T15:30:21.570Z] HEAD https://static.licdn.com/sc/h/84x37y031bjv90xw0y6pmzg28 → 200 (?ms, 42663B)
[2026-08-14T15:30:21.594Z] GET https://accounts.google.com/gsi/button?logo_alignment=center&shape=pill&size=large&text=continue_with&theme=undefined&type=undefined&width=302&client_id=990339570472-k6nqn1tpmitg8pui82bfaun3jrpmiuhs.apps.googleusercontent.com&iframe_id=gsi_421424_445503&as=8LdIQb5NH0V0EZ0wk5kYEw&hl=en_US → 200 (95ms, 199289B)
[2026-08-14T15:30:21.614Z] GET https://accounts.google.com/gsi/status?client_id=990339570472-k6nqn1tpmitg8pui82bfaun3jrpmiuhs.apps.googleusercontent.com&as=8LdIQb5NH0V0EZ0wk5kYEw&has_opted_out_fedcm=true → 200 (65ms, 79B)
[2026-08-14T15:30:21.626Z] GET https://client.protechts.net/PXdOjV695v/main.min.js → 200 (52ms, 236893B)
[2026-08-14T15:30:21.646Z] POST https://www.linkedin.com/apfc/collect → 200 (582ms, ?B)
[2026-08-14T15:30:21.653Z] POST https://www.linkedin.com/li/track → 200 (559ms, ?B)
[2026-08-14T15:30:21.667Z] GET https://www.gstatic.com/recaptcha/releases/XOqlk8PL_yVx6IdpLbpXdiLy/recaptcha__en.js → 200 (547ms, 823576B)
[2026-08-14T15:30:22.157Z] GET https://tzm.protechts.net/ns?c=0ff433c0-97f5-11f1-8533-33b4e3f424dd → 200 (141ms, 516B)
[2026-08-14T15:30:22.181Z] POST https://collector-pxdojv695v.protechts.net/api/v2/msft → pending (?ms, ?B)
[2026-08-14T15:30:22.281Z] POST https://www.linkedin.com/li/track → pending (?ms, ?B)
[2026-08-14T15:30:22.294Z] GET https://www.linkedin.com/litms/api/metadata/user → pending (?ms, ?B)
[2026-08-14T15:30:22.295Z] GET https://platform.linkedin.com/litms/utag/checkpoint-frontend/utag.js?cb=1786721400000 → pending (?ms, ?B)
[2026-08-14T15:30:22.298Z] POST https://www.linkedin.com/li/track → pending (?ms, ?B)
[2026-08-14T15:30:22.374Z] GET https://fonts.gstatic.com/s/googlesans/v62/4UaRrENHsxJlGDuGo1OIlJfC6l_24rlCK1Yo_Iq2vgCIhM907w.woff2 → pending (?ms, ?B)
[2026-08-14T15:30:22.503Z] GET https://www.google.com/recaptcha/enterprise/anchor?ar=1&k=6LcIy_MqAAAAAMKiupFSbmzW3xjGSlIfRzNWYMjC&co=aHR0cHM6Ly93d3cubGlua2VkaW4uY29tOjQ0Mw..&hl=en&v=XOqlk8PL_yVx6IdpLbpXdiLy&size=invisible&anchor-ms=20000&execute-ms=30000&cb=xhn3kcsp59pg → 200 (66ms, 55337B)
[2026-08-14T15:30:22.534Z] POST https://www.linkedin.com/litms/api/events/tms-load → 200 (292ms, ?B)
[2026-08-14T15:30:22.560Z] POST https://www.linkedin.com/litms/api/events/ext-tag-load → 200 (266ms, ?B)
[2026-08-14T15:30:22.560Z] GET https://dpm.demdex.net/id?d_visid_ver=5.1.1&d_fieldgroup=MC&d_rtbd=json&d_ver=2&d_orgid=14215E3D5995C57C0A495C55%40AdobeOrg&d_nsid=0&ts=1786721422554 → 200 (76ms, 625B)
[2026-08-14T15:30:22.581Z] GET https://www.gstatic.com/recaptcha/releases/XOqlk8PL_yVx6IdpLbpXdiLy/styles__ltr.css → 200 (39ms, 82980B)
[2026-08-14T15:30:22.581Z] GET https://www.gstatic.com/recaptcha/releases/XOqlk8PL_yVx6IdpLbpXdiLy/recaptcha__en.js → 200 (62ms, 823576B)
[2026-08-14T15:30:22.642Z] GET https://lnkd.demdex.net/dest5.html?d_nsid=0 → 200 (27ms, 6983B)
[2026-08-14T15:30:22.643Z] POST https://lnkd.demdex.net/event?d_dil_ver=9.4&_ts=1786721422558 → 200 (181ms, 530B)
[2026-08-14T15:30:22.837Z] GET https://www.google.com/recaptcha/enterprise/webworker.js?hl=en&v=XOqlk8PL_yVx6IdpLbpXdiLy → 200 (140ms, 102B)
[2026-08-14T15:30:22.861Z] GET https://www.gstatic.com/recaptcha/api2/logo_48.png → 200 (5ms, 2228B)
[2026-08-14T15:30:22.861Z] GET https://fonts.gstatic.com/s/roboto/v48/KFO7CnqEu92Fr1ME7kSn66aGLdTylUAMa3yUBHMdazQ.woff2 → 200 (30ms, 34668B)
[2026-08-14T15:30:22.898Z] GET https://cm.g.doubleclick.net/pixel?google_nid=adobe_dmp&google_cm&gdpr=0&gdpr_consent=&google_hm=Mzg1MDM0MzM4MDg4MjcwNjEwMDAwNDM3MDcyOTM4MDEyMzQ2NTE= → 302 (124ms, ?B)
[2026-08-14T15:30:22.978Z] GET https://www.gstatic.com/recaptcha/releases/XOqlk8PL_yVx6IdpLbpXdiLy/recaptcha__en.js → 200 (254ms, 823576B)
[2026-08-14T15:30:23.002Z] POST https://www.linkedin.com/li/track → 200 (156ms, ?B)
[2026-08-14T15:30:23.021Z] GET https://c.bing.com/c.gif?uid=38503433808827061000043707293801234651&Red3=MSAdobe_pd&gdpr=0&gdpr_consent= → 302 (128ms, ?B)
[2026-08-14T15:30:23.023Z] GET https://cm.g.doubleclick.net/pixel?google_nid=adobe_dmp&google_cm=&gdpr=0&gdpr_consent=&google_hm=Mzg1MDM0MzM4MDg4MjcwNjEwMDAwNDM3MDcyOTM4MDEyMzQ2NTE=&google_tc= → 302 (63ms, ?B)
[2026-08-14T15:30:23.087Z] GET https://dpm.demdex.net/ibs:dpid=771&dpuuid=CAESELJM1FK_X9X68Gn78ulZ2oM&google_cver=1?gdpr=0&gdpr_consent= → 200 (2ms, 42B)
[2026-08-14T15:30:23.150Z] GET https://dpm.demdex.net/ibs:dpid=1957&dpuuid=1BC12EB567CA61C2287B390066766048 → 200 (2ms, 42B)
[2026-08-14T15:30:23.269Z] POST https://collector-pxdojv695v.protechts.net/api/v2/msft → pending (?ms, ?B)
[2026-08-14T15:30:23.713Z] POST https://www.linkedin.com/platform-telemetry/li/apfcDf → 200 (475ms, ?B)
[2026-08-14T15:30:23.802Z] POST https://www.linkedin.com/platform-telemetry/li/apfcDf → 200 (193ms, ?B)
[2026-08-14T15:30:23.804Z] POST https://www.linkedin.com/platform-telemetry/li/apfcDf → 200 (188ms, ?B)
[2026-08-14T15:30:23.806Z] POST https://www.linkedin.com/platform-telemetry/li/apfcDf → 200 (179ms, ?B)
[2026-08-14T15:30:23.809Z] POST https://www.linkedin.com/platform-telemetry/li/apfcDf → 200 (165ms, ?B)
[2026-08-14T15:30:23.818Z] POST https://www.linkedin.com/li/track → 200 (175ms, ?B)
[2026-08-14T15:30:23.889Z] POST https://www.linkedin.com/apfc/collect → 200 (181ms, ?B)
[2026-08-14T15:30:32.385Z] POST https://play.google.com/log?format=json&hasfast=true&authuser=0 → pending (?ms, ?B)
[2026-08-14T15:30:44.512Z] POST https://collector-pxdojv695v.protechts.net/api/v2/msft → 200 (219ms, 1308B)
